
> frontend@0.1.0 build
> next build

Γû▓ Next.js 16.1.6 (Turbopack)
- Environments: .env.local

  Creating an optimized production build ...
node.exe : 
At line:1 char:1
+ & "C:\Program Files\nodejs/node.exe" "C:\Program 
Files\nodejs/node_mo ...
+ ~~~~~~~~~~~~~~~~~~~~~~~~~~~~~~~~~~~~~~~~~~~~~~~~~~~~~
~~~~~~~~~~~~~~~~
    + CategoryInfo          : NotSpecified: (:String)  
   [], RemoteException
    + FullyQualifiedErrorId : NativeCommandError
 
> Build error occurred
Error: Turbopack build failed with 2 errors:
./app/admin/(admin-dashboard)/organizations/page.tsx:22
:1
Module not found: Can't resolve 
'@/components/requests/NewRequestModal'
[0m [90m 20 |[39m [36mimport[39m { 
[33mCustomSelect[39m } [36mfrom[39m 
[32m'@/components/ui/CustomSelect'[39m[33m;[39m
 [90m 21 |[39m [36mimport[39m { [33mLoading[39m 
} [36mfrom[39m 
[32m'@/components/ui/Loading'[39m[33m;[39m
[31m[1m>[22m[39m[90m 22 |[39m [36mimport[39m { 
[33mNewRequestModal[39m } [36mfrom[39m [32m'@/comp
onents/requests/NewRequestModal'[39m[33m;[39m
 [90m    |[39m [31m[1m^[22m[39m[31m[1m^[22m[3
9m[31m[1m^[22m[39m[31m[1m^[22m[39m[31m[1m^[2
2m[39m[31m[1m^[22m[39m[31m[1m^[22m[39m[31m[1
m^[22m[39m[31m[1m^[22m[39m[31m[1m^[22m[39m[3
1m[1m^[22m[39m[31m[1m^[22m[39m[31m[1m^[22m[3
9m[31m[1m^[22m[39m[31m[1m^[22m[39m[31m[1m^[2
2m[39m[31m[1m^[22m[39m[31m[1m^[22m[39m[31m[1
m^[22m[39m[31m[1m^[22m[39m[31m[1m^[22m[39m[3
1m[1m^[22m[39m[31m[1m^[22m[39m[31m[1m^[22m[3
9m[31m[1m^[22m[39m[31m[1m^[22m[39m[31m[1m^[2
2m[39m[31m[1m^[22m[39m[31m[1m^[22m[39m[31m[1
m^[22m[39m[31m[1m^[22m[39m[31m[1m^[22m[39m[3
1m[1m^[22m[39m[31m[1m^[22m[39m[31m[1m^[22m[3
9m[31m[1m^[22m[39m[31m[1m^[22m[39m[31m[1m^[2
2m[39m[31m[1m^[22m[39m[31m[1m^[22m[39m[31m[1
m^[22m[39m[31m[1m^[22m[39m[31m[1m^[22m[39m[3
1m[1m^[22m[39m[31m[1m^[22m[39m[31m[1m^[22m[3
9m[31m[1m^[22m[39m[31m[1m^[22m[39m[31m[1m^[2
2m[39m[31m[1m^[22m[39m[31m[1m^[22m[39m[31m[1
m^[22m[39m[31m[1m^[22m[39m[31m[1m^[22m[39m[3
1m[1m^[22m[39m[31m[1m^[22m[39m[31m[1m^[22m[3
9m[31m[1m^[22m[39m[31m[1m^[22m[39m[31m[1m^[2
2m[39m[31m[1m^[22m[39m[31m[1m^[22m[39m[31m[1
m^[22m[39m[31m[1m^[22m[39m[31m[1m^[22m[39m[3
1m[1m^[22m[39m[31m[1m^[22m[39m[31m[1m^[22m[3
9m[31m[1m^[22m[39m[31m[1m^[22m[39m[31m[1m^[2
2m[39m[31m[1m^[22m[39m
 [90m 23 |[39m
 [90m 24 |[39m [36minterface[39m 
[33mAdminOrgParams[39m [36mextends[39m 
[33mBasePaginationParams[39m {
 [90m 25 |[39m     status[33m:[39m 
[33mOrgStatus[39m[33m;[39m[0m

Import map: aliased to relative 
'./components/requests/NewRequestModal' inside of 
[project]/


Import traces:
  Client Component Browser:
    
./app/admin/(admin-dashboard)/organizations/page.tsx 
[Client Component Browser]
    
./app/admin/(admin-dashboard)/organizations/page.tsx 
[Server Component]

  Client Component SSR:
    
./app/admin/(admin-dashboard)/organizations/page.tsx 
[Client Component SSR]
    
./app/admin/(admin-dashboard)/organizations/page.tsx 
[Server Component]

https://nextjs.org/docs/messages/module-not-found


./app/admin/(admin-dashboard)/organizations/page.tsx:22
:1
Module not found: Can't resolve 
'@/components/requests/NewRequestModal'
[0m [90m 20 |[39m [36mimport[39m { 
[33mCustomSelect[39m } [36mfrom[39m 
[32m'@/components/ui/CustomSelect'[39m[33m;[39m
 [90m 21 |[39m [36mimport[39m { [33mLoading[39m 
} [36mfrom[39m 
[32m'@/components/ui/Loading'[39m[33m;[39m
[31m[1m>[22m[39m[90m 22 |[39m [36mimport[39m { 
[33mNewRequestModal[39m } [36mfrom[39m [32m'@/comp
onents/requests/NewRequestModal'[39m[33m;[39m
 [90m    |[39m [31m[1m^[22m[39m[31m[1m^[22m[3
9m[31m[1m^[22m[39m[31m[1m^[22m[39m[31m[1m^[2
2m[39m[31m[1m^[22m[39m[31m[1m^[22m[39m[31m[1
m^[22m[39m[31m[1m^[22m[39m[31m[1m^[22m[39m[3
1m[1m^[22m[39m[31m[1m^[22m[39m[31m[1m^[22m[3
9m[31m[1m^[22m[39m[31m[1m^[22m[39m[31m[1m^[2
2m[39m[31m[1m^[22m[39m[31m[1m^[22m[39m[31m[1
m^[22m[39m[31m[1m^[22m[39m[31m[1m^[22m[39m[3
1m[1m^[22m[39m[31m[1m^[22m[39m[31m[1m^[22m[3
9m[31m[1m^[22m[39m[31m[1m^[22m[39m[31m[1m^[2
2m[39m[31m[1m^[22m[39m[31m[1m^[22m[39m[31m[1
m^[22m[39m[31m[1m^[22m[39m[31m[1m^[22m[39m[3
1m[1m^[22m[39m[31m[1m^[22m[39m[31m[1m^[22m[3
9m[31m[1m^[22m[39m[31m[1m^[22m[39m[31m[1m^[2
2m[39m[31m[1m^[22m[39m[31m[1m^[22m[39m[31m[1
m^[22m[39m[31m[1m^[22m[39m[31m[1m^[22m[39m[3
1m[1m^[22m[39m[31m[1m^[22m[39m[31m[1m^[22m[3
9m[31m[1m^[22m[39m[31m[1m^[22m[39m[31m[1m^[2
2m[39m[31m[1m^[22m[39m[31m[1m^[22m[39m[31m[1
m^[22m[39m[31m[1m^[22m[39m[31m[1m^[22m[39m[3
1m[1m^[22m[39m[31m[1m^[22m[39m[31m[1m^[22m[3
9m[31m[1m^[22m[39m[31m[1m^[22m[39m[31m[1m^[2
2m[39m[31m[1m^[22m[39m[31m[1m^[22m[39m[31m[1
m^[22m[39m[31m[1m^[22m[39m[31m[1m^[22m[39m[3
1m[1m^[22m[39m[31m[1m^[22m[39m[31m[1m^[22m[3
9m[31m[1m^[22m[39m[31m[1m^[22m[39m[31m[1m^[2
2m[39m[31m[1m^[22m[39m
 [90m 23 |[39m [36minterface[39m 
[33mAdminOrgParams[39m [36mextends[39m 
[33mBasePaginationParams[39m {
 [90m 24 |[39m   status[33m:[39m 
[33mOrgStatus[39m[33m;[39m
 [90m 25 |[39m   type[33m:[39m 
string[33m;[39m[0m

Import map: aliased to relative 
'./components/requests/NewRequestModal' inside of 
[project]/


Import traces:
  Client Component Browser:
    
./app/admin/(admin-dashboard)/organizations/page.tsx 
[Client Component Browser]
    
./app/admin/(admin-dashboard)/organizations/page.tsx 
[Server Component]

  Client Component SSR:
    
./app/admin/(admin-dashboard)/organizations/page.tsx 
[Client Component SSR]
    
./app/admin/(admin-dashboard)/organizations/page.tsx 
[Server Component]

https://nextjs.org/docs/messages/module-not-found


    at <unknown> (./app/admin/(admin-dashboard)/organiz
ations/page.tsx:22:1)
    at <unknown> 
(https://nextjs.org/docs/messages/module-not-found)
    at <unknown> (./app/admin/(admin-dashboard)/organiz
ations/page.tsx:22:1)
    at <unknown> 
(https://nextjs.org/docs/messages/module-not-found)
