components/forms/StudentForm.tsx(42,9): error TS2322: Type 'Resolver<{ name: string; email: string; status: StudentStatus; password: string; registrationNumber?: string | undefined; admissionDate?: string | undefined; major?: string | undefined; ... 11 more ...; sectionIds?: string[] | undefined; } | { ...; }, any, { ...; } | { ...; }>' is not assignable to type 'Resolver<{ name: string; email: string; status: StudentStatus; sectionIds: string[]; password: string; registrationNumber?: string | undefined; admissionDate?: string | undefined; ... 11 more ...; address?: string | undefined; } | { ...; }, any, { ...; } | { ...; }>'.
  Types of parameters 'options' and 'options' are incompatible.
    Type 'ResolverOptions<{ name: string; email: string; status: StudentStatus; sectionIds: string[]; password: string; registrationNumber?: string | undefined; admissionDate?: string | undefined; ... 11 more ...; address?: string | undefined; } | { ...; }>' is not assignable to type 'ResolverOptions<{ name: string; email: string; status: StudentStatus; password: string; registrationNumber?: string | undefined; admissionDate?: string | undefined; major?: string | undefined; ... 11 more ...; sectionIds?: string[] | undefined; } | { ...; }>'.
      Type '{ name: string; email: string; status: StudentStatus; password: string; registrationNumber?: string | undefined; admissionDate?: string | undefined; major?: string | undefined; ... 11 more ...; sectionIds?: string[] | undefined; } | { ...; }' is not assignable to type '{ name: string; email: string; status: StudentStatus; sectionIds: string[]; password: string; registrationNumber?: string | undefined; admissionDate?: string | undefined; ... 11 more ...; address?: string | undefined; } | { ...; }'.
        Type '{ name: string; email: string; status: StudentStatus; password: string; registrationNumber?: string | undefined; admissionDate?: string | undefined; major?: string | undefined; ... 11 more ...; sectionIds?: string[] | undefined; }' is not assignable to type '{ name: string; email: string; status: StudentStatus; sectionIds: string[]; password: string; registrationNumber?: string | undefined; admissionDate?: string | undefined; ... 11 more ...; address?: string | undefined; } | { ...; }'.
          Type '{ name: string; email: string; status: StudentStatus; password: string; registrationNumber?: string | undefined; admissionDate?: string | undefined; major?: string | undefined; ... 11 more ...; sectionIds?: string[] | undefined; }' is not assignable to type '{ name: string; email: string; status: StudentStatus; sectionIds: string[]; registrationNumber?: string | undefined; admissionDate?: string | undefined; major?: string | undefined; ... 11 more ...; password?: string | undefined; }'.
            Types of property 'sectionIds' are incompatible.
              Type 'string[] | undefined' is not assignable to type 'string[]'.
                Type 'undefined' is not assignable to type 'string[]'.
components/forms/StudentForm.tsx(140,38): error TS2345: Argument of type 'SubmitHandler<{ name: string; email: string; status: StudentStatus; sectionIds: string[]; password: string; registrationNumber?: string | undefined; admissionDate?: string | undefined; ... 11 more ...; address?: string | undefined; } | { ...; }>' is not assignable to parameter of type 'SubmitHandler<TFieldValues>'.
  Type 'TFieldValues' is not assignable to type '{ name: string; email: string; status: StudentStatus; sectionIds: string[]; password: string; registrationNumber?: string | undefined; admissionDate?: string | undefined; ... 11 more ...; address?: string | undefined; } | { ...; }'.
    Type 'FieldValues' is not assignable to type '{ name: string; email: string; status: StudentStatus; sectionIds: string[]; password: string; registrationNumber?: string | undefined; admissionDate?: string | undefined; ... 11 more ...; address?: string | undefined; } | { ...; }'.
      Type 'FieldValues' is missing the following properties from type '{ name: string; email: string; status: StudentStatus; sectionIds: string[]; registrationNumber?: string | undefined; admissionDate?: string | undefined; major?: string | undefined; ... 11 more ...; password?: string | undefined; }': name, email, status, sectionIds
        Type 'TFieldValues' is not assignable to type '{ name: string; email: string; status: StudentStatus; sectionIds: string[]; registrationNumber?: string | undefined; admissionDate?: string | undefined; major?: string | undefined; ... 11 more ...; password?: string | undefined; }'.
          Type 'FieldValues' is missing the following properties from type '{ name: string; email: string; status: StudentStatus; sectionIds: string[]; registrationNumber?: string | undefined; admissionDate?: string | undefined; major?: string | undefined; ... 11 more ...; password?: string | undefined; }': name, email, status, sectionIds
components/forms/StudentForm.tsx(379,29): error TS2322: Type 'string | undefined' is not assignable to type 'string'.
  Type 'undefined' is not assignable to type 'string'.
components/forms/TeacherForm.tsx(42,9): error TS2322: Type 'Resolver<{ name: string; email: string; status: TeacherStatus; isManager: boolean; password: string; phone?: string | undefined; education?: string | undefined; designation?: string | undefined; ... 7 more ...; sectionIds?: string[] | undefined; } | { ...; }, any, { ...; } | { ...; }>' is not assignable to type 'Resolver<{ name: string; email: string; status: TeacherStatus; isManager: boolean; sectionIds: string[]; password: string; phone?: string | undefined; education?: string | undefined; ... 7 more ...; bloodGroup?: string | undefined; } | { ...; }, any, { ...; } | { ...; }>'.
  Types of parameters 'options' and 'options' are incompatible.
    Type 'ResolverOptions<{ name: string; email: string; status: TeacherStatus; isManager: boolean; sectionIds: string[]; password: string; phone?: string | undefined; education?: string | undefined; ... 7 more ...; bloodGroup?: string | undefined; } | { ...; }>' is not assignable to type 'ResolverOptions<{ name: string; email: string; status: TeacherStatus; isManager: boolean; password: string; phone?: string | undefined; education?: string | undefined; designation?: string | undefined; ... 7 more ...; sectionIds?: string[] | undefined; } | { ...; }>'.
      Type '{ name: string; email: string; status: TeacherStatus; isManager: boolean; password: string; phone?: string | undefined; education?: string | undefined; designation?: string | undefined; ... 7 more ...; sectionIds?: string[] | undefined; } | { ...; }' is not assignable to type '{ name: string; email: string; status: TeacherStatus; isManager: boolean; sectionIds: string[]; password: string; phone?: string | undefined; education?: string | undefined; ... 7 more ...; bloodGroup?: string | undefined; } | { ...; }'.
        Type '{ name: string; email: string; status: TeacherStatus; isManager: boolean; password: string; phone?: string | undefined; education?: string | undefined; designation?: string | undefined; ... 7 more ...; sectionIds?: string[] | undefined; }' is not assignable to type '{ name: string; email: string; status: TeacherStatus; isManager: boolean; sectionIds: string[]; password: string; phone?: string | undefined; education?: string | undefined; ... 7 more ...; bloodGroup?: string | undefined; } | { ...; }'.
          Type '{ name: string; email: string; status: TeacherStatus; isManager: boolean; password: string; phone?: string | undefined; education?: string | undefined; designation?: string | undefined; ... 7 more ...; sectionIds?: string[] | undefined; }' is not assignable to type '{ name: string; email: string; status: TeacherStatus; isManager: boolean; sectionIds: string[]; phone?: string | undefined; education?: string | undefined; designation?: string | undefined; ... 7 more ...; password?: string | undefined; }'.
            Types of property 'sectionIds' are incompatible.
              Type 'string[] | undefined' is not assignable to type 'string[]'.
                Type 'undefined' is not assignable to type 'string[]'.
components/forms/TeacherForm.tsx(133,38): error TS2345: Argument of type 'SubmitHandler<{ name: string; email: string; status: TeacherStatus; isManager: boolean; sectionIds: string[]; password: string; phone?: string | undefined; education?: string | undefined; ... 7 more ...; bloodGroup?: string | undefined; } | { ...; }>' is not assignable to parameter of type 'SubmitHandler<TFieldValues>'.
  Type 'TFieldValues' is not assignable to type '{ name: string; email: string; status: TeacherStatus; isManager: boolean; sectionIds: string[]; password: string; phone?: string | undefined; education?: string | undefined; ... 7 more ...; bloodGroup?: string | undefined; } | { ...; }'.
    Type 'FieldValues' is not assignable to type '{ name: string; email: string; status: TeacherStatus; isManager: boolean; sectionIds: string[]; password: string; phone?: string | undefined; education?: string | undefined; ... 7 more ...; bloodGroup?: string | undefined; } | { ...; }'.
      Type 'FieldValues' is missing the following properties from type '{ name: string; email: string; status: TeacherStatus; isManager: boolean; sectionIds: string[]; phone?: string | undefined; education?: string | undefined; designation?: string | undefined; ... 7 more ...; password?: string | undefined; }': name, email, status, isManager, sectionIds
        Type 'TFieldValues' is not assignable to type '{ name: string; email: string; status: TeacherStatus; isManager: boolean; sectionIds: string[]; phone?: string | undefined; education?: string | undefined; designation?: string | undefined; ... 7 more ...; password?: string | undefined; }'.
          Type 'FieldValues' is missing the following properties from type '{ name: string; email: string; status: TeacherStatus; isManager: boolean; sectionIds: string[]; phone?: string | undefined; education?: string | undefined; designation?: string | undefined; ... 7 more ...; password?: string | undefined; }': name, email, status, isManager, sectionIds
