app/register/page.tsx(143,47): error TS2339: Property 'COLLEGE' does not exist on type 'typeof OrganizationType'.
components/forms/StudentForm.tsx(69,61): error TS2551: Property 'sectionId' does not exist on type '{ section: Section; }'. Did you mean 'section'?
components/forms/StudentForm.tsx(153,29): error TS2322: Type '{ onFileReady: (file: File) => void; type: "user"; initialImage: string | null | undefined; }' is not assignable to type 'IntrinsicAttributes & PhotoUploadPickerProps'.
  Property 'initialImage' does not exist on type 'IntrinsicAttributes & PhotoUploadPickerProps'.
components/forms/StudentForm.tsx(298,25): error TS2322: Type '{ options: { value: string; label: string; }[]; value: any[]; onChange: (vals: string[]) => void; placeholder: string; error: boolean; }' is not assignable to type 'IntrinsicAttributes & CustomMultiSelectProps'.
  Property 'value' does not exist on type 'IntrinsicAttributes & CustomMultiSelectProps'. Did you mean 'values'?
components/forms/StudentForm.tsx(472,39): error TS2322: Type '"outline"' is not assignable to type '"danger" | "primary" | "secondary" | undefined'.
components/forms/TeacherForm.tsx(142,29): error TS2322: Type '{ onFileReady: (file: File) => void; type: "user"; initialImage: string | null | undefined; }' is not assignable to type 'IntrinsicAttributes & PhotoUploadPickerProps'.
  Property 'initialImage' does not exist on type 'IntrinsicAttributes & PhotoUploadPickerProps'.
components/forms/TeacherForm.tsx(341,25): error TS2322: Type '{ options: { value: string; label: string; }[]; value: string[]; onChange: (vals: string[]) => void; placeholder: string; error: boolean; }' is not assignable to type 'IntrinsicAttributes & CustomMultiSelectProps'.
  Property 'value' does not exist on type 'IntrinsicAttributes & CustomMultiSelectProps'. Did you mean 'values'?
components/forms/TeacherForm.tsx(408,34): error TS2304: Cannot find name 'MapPin'.
components/forms/TeacherForm.tsx(424,39): error TS2322: Type '"outline"' is not assignable to type '"danger" | "primary" | "secondary" | undefined'.
